// Jest Snapshot v1, https://goo.gl/fbAQLP

exports[`should render Logo correctly 1`] = `
<div>
  <a
    class="header__logo logo"
    href="/"
  >
    <img
      alt="Логотип"
      class="logo__img"
      height="70"
      src="/img/svg/logo.svg"
      width="70"
    />
  </a>
  ;
</div>
`;
