// Jest Snapshot v1, https://goo.gl/fbAQLP

exports[`should render AboutUs correctly 1`] = `
<div>
  <section
    class="footer__nav-section footer__nav-section--info"
  >
    <h2
      class="footer__nav-title"
    >
      О нас
    </h2>
    <p
      class="footer__nav-content footer__nav-content--font-secondary"
    >
      Магазин гитар, музыкальных инструментов и гитарная мастерская 
      <br />
       в Санкт-Петербурге.
      <br />
      <br />
      Все инструменты проверены, отстроены 
      <br />
       и доведены до идеала!
    </p>
  </section>
</div>
`;
